2025-10-24 00:35:22.014 FreeCaster[33398:9589213] AirPlayServiceBrowser: Starting discovery for _raop._tcp.
2025-10-24 00:35:22.258 FreeCaster[33398:9589213] AirPlayServiceBrowser: Found service: 4E8772B1AB7A@LIB-2833
2025-10-24 00:35:22.270 FreeCaster[33398:9589213] AirPlayServiceBrowser: Found service: 542A1B72B898@Sonos Move (big)
2025-10-24 00:35:22.286 FreeCaster[33398:9589213] AirPlayServiceBrowser: Found service: 347E5C94F923@Sonos Beam
2025-10-24 00:35:22.298 FreeCaster[33398:9589213] AirPlayServiceBrowser: Found service: BBBBB6A484B8@Sonos Move (big)+
2025-10-24 00:35:22.309 FreeCaster[33398:9589213] AirPlayServiceBrowser: Found service: BBBB9F2027C9@Sonos Beam+
2025-10-24 00:35:22.443 FreeCaster[33398:9589213] RaopClient: Found server public key in TXT record: 7596700ac243337d145c5f03e5121c8e521c2f69048c2f8c5417aef69f8425cd
AirPlayPluginEditor: Device found - 4E8772B1AB7A@LIB-2833 at LIB-3001.local:7000
2025-10-24 00:35:22.525 FreeCaster[33398:9589213] RaopClient: Found server public key in TXT record: 7596700ac243337d145c5f03e5121c8e521c2f69048c2f8c5417aef69f8425cd
2025-10-24 00:35:22.525 FreeCaster[33398:9589213] RaopClient: No 'pk' TXT record found for device: BBBBB6A484B8@Sonos Move (big)+
AirPlayPluginEditor: Device found - BBBBB6A484B8@Sonos Move (big)+ at a0d7b954-airsonos.local:55799
2025-10-24 00:35:22.525 FreeCaster[33398:9589213] RaopClient: No 'pk' TXT record found for device: BBBB9F2027C9@Sonos Beam+
AirPlayPluginEditor: Device found - BBBB9F2027C9@Sonos Beam+ at a0d7b954-airsonos.local:59361
2025-10-24 00:35:22.550 FreeCaster[33398:9589213] RaopClient: Found server public key in TXT record: e4a6e08fc42d1608ad70e41022efddc53a62a74fa6ae3fe500eff9dac246423f
AirPlayPluginEditor: Device found - 542A1B72B898@Sonos Move (big) at Sonos-542A1B72B898.local:7000
2025-10-24 00:35:22.550 FreeCaster[33398:9589213] RaopClient: Found server public key in TXT record: 47eedfd74d9ff04126a9b0881540e5aaf701b59687cf373e9e98e5b54238db5a
AirPlayPluginEditor: Device found - 347E5C94F923@Sonos Beam at Sonos-347E5C94F923.local:7000
AirPlayPluginEditor: Connect button clicked
AirPlayPluginEditor: Selected row: 0, devices.size(): 5
AirPlayPluginEditor: Attempting to connect to device: 4E8772B1AB7A@LIB-2833
AirPlayManager: connectToDevice called for: 4E8772B1AB7A@LIB-2833 at LIB-3001.local:7000
AirPlayManager: Streamer exists, attempting connection
[RaopClient] connect() called for device: 4E8772B1AB7A@LIB-2833 at LIB-3001.local:7000
RaopClient: Connection state changed to Connecting...
[RaopClient] Connection state set to Connecting
RaopClient: Shutting down audio socket (port 6000)
RaopClient: Recreated audio socket at 137608680
RaopClient: Shutting down control socket (port 6001)
RaopClient: Recreated control socket at 13760c480
RaopClient: Shutting down timing socket (port 6002)
RaopClient: Recreated timing socket at 137607c90
RaopClient: Selected available ports - audio:6000 control:6001 timing:6002
RaopClient: Creating UDP sockets - audio:6000 control:6001 timing:6002
RaopClient: Binding audio socket to port 6000 (socket at 137608680)
RaopClient: Successfully bound audio socket to port 6000
RaopClient: Binding control socket to port 6001 (socket at 13760c480)
RaopClient: Successfully bound control socket to port 6001
RaopClient: Binding timing socket to port 6002 (socket at 137607c90)
RaopClient: Successfully bound timing socket to port 6002
RaopClient: All UDP sockets created successfully
RaopClient: Attempting TCP connection to LIB-3001.local:7000
RaopClient: TCP connection established successfully
RaopClient: TCP connection established, proceeding with RTSP handshake
RaopClient: Starting RTSP handshake
RaopClient: Sending OPTIONS request
RaopClient: Sending RTSP request: OPTIONS * RTSP/1.0
CSeq: 1
User-Agent: FreeCaster/1.0
Apple-Challenge: p8Gm0yUtEtbAiCWAavDrRA==
Client-Instance: 4EDD92BFE16AEAD7
DACP-ID: 4EDD92BFE16AEAD7
Apple-Device-ID: 66:00:25:CC:AC:8B


RaopClient: Successfully sent 200 bytes
RaopClient: Waiting for RTSP response...
RaopClient: Received RTSP response: RTSP/1.0 403 Forbidden
Content-Length: 0
Server: AirTunes/870.14.1
CSeq: 1
X-Apple-ProcessingTime: 0
X-Apple-RequestReceivedTimestamp: 169778339


RaopClient: RTSP request failed with status 403: Forbidden
RaopClient: OPTIONS request failed
AirPlayManager: Connection failed - RTSP request failed: 403 Forbidden
GUI Error: Connection failed: RTSP request failed: 403 Forbidden
AirPlayPluginEditor: Connect button clicked
AirPlayPluginEditor: Selected row: 1, devices.size(): 5
AirPlayPluginEditor: Attempting to connect to device: BBBBB6A484B8@Sonos Move (big)+
AirPlayManager: connectToDevice called for: BBBBB6A484B8@Sonos Move (big)+ at a0d7b954-airsonos.local:55799
AirPlayManager: Streamer exists, attempting connection
[RaopClient] connect() called for device: BBBBB6A484B8@Sonos Move (big)+ at a0d7b954-airsonos.local:55799
[RaopClient] Connection state set to Connecting
RaopClient: Shutting down audio socket (port 6000)
RaopClient: Recreated audio socket at 1376080c0
RaopClient: Shutting down control socket (port 6001)
RaopClient: Recreated control socket at 137608680
RaopClient: Shutting down timing socket (port 6002)
RaopClient: Recreated timing socket at 13760c480
RaopClient: Selected available ports - audio:6000 control:6001 timing:6002
RaopClient: Creating UDP sockets - audio:6000 control:6001 timing:6002
RaopClient: Binding audio socket to port 6000 (socket at 1376080c0)
RaopClient: Successfully bound audio socket to port 6000
RaopClient: Binding control socket to port 6001 (socket at 137608680)
RaopClient: Successfully bound control socket to port 6001
RaopClient: Binding timing socket to port 6002 (socket at 13760c480)
RaopClient: Successfully bound timing socket to port 6002
RaopClient: All UDP sockets created successfully
RaopClient: Attempting TCP connection to a0d7b954-airsonos.local:55799
RaopClient: TCP connection established successfully
RaopClient: TCP connection established, proceeding with RTSP handshake
RaopClient: Starting RTSP handshake
RaopClient: Sending OPTIONS request
RaopClient: Sending RTSP request: OPTIONS * RTSP/1.0
CSeq: 1
User-Agent: FreeCaster/1.0
Apple-Challenge: 9zz4CFHhOB6HhMBqJImmCg==
Client-Instance: 4EDD92BFE16AEAD7
DACP-ID: 4EDD92BFE16AEAD7
Apple-Device-ID: 66:00:25:CC:AC:8B


RaopClient: Successfully sent 200 bytes
RaopClient: Waiting for RTSP response...
RaopClient: Received RTSP response: RTSP/1.0 200 OK
Apple-Response: Bxwyc7ocIXOM+Ws/07D4im2Tov9FqayDaZQ8cLAJZMLXw7XuuUW/Sx4+zpi02QA47OGb3Wsdue+DJCkNz3VQYULwL3cRVOndH6pA11BB9AK7KUtP7geQIyHFh02Cy+6RMBsBII/5BnedC0VmHOtI0vECxUJsNBtjltv/+l8Ni2KgzRgzidZ7c1dZIa54VZa4cS0Wme2K1stAQ5HkZmPNQqSV6oCo3Raa3TV2ZVsnujUIawyUGDnQWJvJe29ua0UneIq6ddebj8oC/cSggL/nea6CzanSRqbz8Cq8Fljpr58zyN1yc47jJhJo7LN04Ql4zv/DzULBZA04x/wFabP5Nw
Public: ANNOUNCE, SETUP, RECORD, PAUSE, FLUSH, TEARDOWN, OPTIONS, GET_PARAMETER, SET_PARAMETER
Audio-Jack-Status: connected; type=analog
CSeq: 1


RaopClient: RTSP request successful with status 200
RaopClient: Received Apple-Response: Bxwyc7ocIXOM+Ws/07D4im2Tov9FqayDaZQ8cLAJZMLXw7XuuUW/Sx4+zpi02QA47OGb3Wsdue+DJCkNz3VQYULwL3cRVOndH6pA11BB9AK7KUtP7geQIyHFh02Cy+6RMBsBII/5BnedC0VmHOtI0vECxUJsNBtjltv/+l8Ni2KgzRgzidZ7c1dZIa54VZa4cS0Wme2K1stAQ5HkZmPNQqSV6oCo3Raa3TV2ZVsnujUIawyUGDnQWJvJe29ua0UneIq6ddebj8oC/cSggL/nea6CzanSRqbz8Cq8Fljpr58zyN1yc47jJhJo7LN04Ql4zv/DzULBZA04x/wFabP5Nw
RaopClient: Sending ANNOUNCE request
RaopClient: Server public key from TXT record: 
RaopClient: Using fallback auth fields (no server key)
RaopClient: Sending RTSP request: ANNOUNCE rtsp://a0d7b954-airsonos.local/stream RTSP/1.0
CSeq: 2
Content-Type: application/sdp
User-Agent: FreeCaster/1.0
Client-Instance: 4EDD92BFE16AEAD7
DACP-ID: 4EDD92BFE16AEAD7
Apple-Device-ID: 66:00:25:CC:AC:8B
Content-Length: 364

v=0
o=FreeCaster 0 0 IN IP4 127.0.0.1
s=FreeCaster Audio Stream
c=IN IP4 127.0.0.1
t=0 0
m=audio 0 RTP/AVP 96
a=rtpmap:96 AppleLossless
a=fmtp:96 352 0 16 40 10 14 2 255 0 0 44100
a=rsaaeskey:MFwwDQYJKoZIhvcNAQEBBQADSwAwSAJBAJ+eZZ+7sYv3sERE7UwfRo4WbAfDakemiDae/TuIyHYj716cJ/oxi7Fn4kkYiEZhezTvMlA/g0i097dPXJ4Jwc0CAwEAAQ==
a=aesiv:AAAAAAAAAAAAAAAAAAAAAA==

RaopClient: Successfully sent 610 bytes
RaopClient: Waiting for RTSP response...
RaopClient: Received RTSP response: RTSP/1.0 200 OK
Audio-Jack-Status: connected; type=analog
CSeq: 2


RaopClient: RTSP request successful with status 200
RaopClient: Sending SETUP request
RaopClient: Sending RTSP request: SETUP rtsp://a0d7b954-airsonos.local/stream RTSP/1.0
CSeq: 3
Transport: RTP/AVP/UDP;unicast;mode=record;client_port=6000-6001;interleaved=0-1
Client-Instance: 4EDD92BFE16AEAD7
DACP-ID: 4EDD92BFE16AEAD7
Apple-Device-ID: 66:00:25:CC:AC:8B


RaopClient: Successfully sent 245 bytes
RaopClient: Waiting for RTSP response...
RaopClient: Received RTSP response: RTSP/1.0 500 Internal Error


RaopClient: RTSP request failed with status 500: Internal Error
RaopClient: SETUP request failed
AirPlayManager: Connection failed - RTSP request failed: 500 Internal Error
GUI Error: Connection failed: RTSP request failed: 500 Internal Error
AirPlayPluginEditor: Connect button clicked
AirPlayPluginEditor: Selected row: 2, devices.size(): 5
AirPlayPluginEditor: Attempting to connect to device: BBBB9F2027C9@Sonos Beam+
AirPlayManager: connectToDevice called for: BBBB9F2027C9@Sonos Beam+ at a0d7b954-airsonos.local:59361
AirPlayManager: Streamer exists, attempting connection
[RaopClient] connect() called for device: BBBB9F2027C9@Sonos Beam+ at a0d7b954-airsonos.local:59361
[RaopClient] Connection state set to Connecting
RaopClient: Shutting down audio socket (port 6000)
RaopClient: Recreated audio socket at 13810ca50
RaopClient: Shutting down control socket (port 6001)
RaopClient: Recreated control socket at 138114330
RaopClient: Shutting down timing socket (port 6002)
RaopClient: Recreated timing socket at 138121510
RaopClient: Selected available ports - audio:6000 control:6001 timing:6002
RaopClient: Creating UDP sockets - audio:6000 control:6001 timing:6002
RaopClient: Binding audio socket to port 6000 (socket at 13810ca50)
RaopClient: Successfully bound audio socket to port 6000
RaopClient: Binding control socket to port 6001 (socket at 138114330)
RaopClient: Successfully bound control socket to port 6001
RaopClient: Binding timing socket to port 6002 (socket at 138121510)
RaopClient: Successfully bound timing socket to port 6002
RaopClient: All UDP sockets created successfully
RaopClient: Attempting TCP connection to a0d7b954-airsonos.local:59361
RaopClient: TCP connection established successfully
RaopClient: TCP connection established, proceeding with RTSP handshake
RaopClient: Starting RTSP handshake
RaopClient: Sending OPTIONS request
RaopClient: Sending RTSP request: OPTIONS * RTSP/1.0
CSeq: 1
User-Agent: FreeCaster/1.0
Apple-Challenge: yH64NFANSMWC+Hn2qNm56w==
Client-Instance: 4EDD92BFE16AEAD7
DACP-ID: 4EDD92BFE16AEAD7
Apple-Device-ID: 66:00:25:CC:AC:8B


RaopClient: Successfully sent 200 bytes
RaopClient: Waiting for RTSP response...
RaopClient: Received RTSP response: RTSP/1.0 200 OK
Apple-Response: r9Du6MgqH0nee3rUg+/i4vHL+1floLaapdAqISLRUE0cxohH2IT9ul9Rmx0vCqZZYLwORmHvyLqqEQd9/cNFoLynu/g67XvReGHc44gUzU/GuS8C5agmBpBb1jkxvFIdukFZjNrGpA3aNTNsjPg5G5dIzJ4vyoKrz7lcnywF0jHHxR5xM81MXuiFZTbD+U9BqgLpoX0UHKxal8TPhNw9LvalZQ+/bUUQef+o1eN6mdXjfozxbzEkd13t3QPRY/5xNoEqLPLAvdt9WMLhj2ur7SyWCFtXPfSxz9A4DssQUb7v6vzFpj8hxEXGDEPnm1CD0fECj9oHh7Mc4TwTxtFbDw
Public: ANNOUNCE, SETUP, RECORD, PAUSE, FLUSH, TEARDOWN, OPTIONS, GET_PARAMETER, SET_PARAMETER
Audio-Jack-Status: connected; type=analog
CSeq: 1


RaopClient: RTSP request successful with status 200
RaopClient: Received Apple-Response: r9Du6MgqH0nee3rUg+/i4vHL+1floLaapdAqISLRUE0cxohH2IT9ul9Rmx0vCqZZYLwORmHvyLqqEQd9/cNFoLynu/g67XvReGHc44gUzU/GuS8C5agmBpBb1jkxvFIdukFZjNrGpA3aNTNsjPg5G5dIzJ4vyoKrz7lcnywF0jHHxR5xM81MXuiFZTbD+U9BqgLpoX0UHKxal8TPhNw9LvalZQ+/bUUQef+o1eN6mdXjfozxbzEkd13t3QPRY/5xNoEqLPLAvdt9WMLhj2ur7SyWCFtXPfSxz9A4DssQUb7v6vzFpj8hxEXGDEPnm1CD0fECj9oHh7Mc4TwTxtFbDw
RaopClient: Sending ANNOUNCE request
RaopClient: Server public key from TXT record: 
RaopClient: Using fallback auth fields (no server key)
RaopClient: Sending RTSP request: ANNOUNCE rtsp://a0d7b954-airsonos.local/stream RTSP/1.0
CSeq: 2
Content-Type: application/sdp
User-Agent: FreeCaster/1.0
Client-Instance: 4EDD92BFE16AEAD7
DACP-ID: 4EDD92BFE16AEAD7
Apple-Device-ID: 66:00:25:CC:AC:8B
Content-Length: 364

v=0
o=FreeCaster 0 0 IN IP4 127.0.0.1
s=FreeCaster Audio Stream
c=IN IP4 127.0.0.1
t=0 0
m=audio 0 RTP/AVP 96
a=rtpmap:96 AppleLossless
a=fmtp:96 352 0 16 40 10 14 2 255 0 0 44100
a=rsaaeskey:MFwwDQYJKoZIhvcNAQEBBQADSwAwSAJBAJ+eZZ+7sYv3sERE7UwfRo4WbAfDakemiDae/TuIyHYj716cJ/oxi7Fn4kkYiEZhezTvMlA/g0i097dPXJ4Jwc0CAwEAAQ==
a=aesiv:AAAAAAAAAAAAAAAAAAAAAA==

RaopClient: Successfully sent 610 bytes
RaopClient: Waiting for RTSP response...
RaopClient: Received RTSP response: RTSP/1.0 200 OK
Audio-Jack-Status: connected; type=analog
CSeq: 2


RaopClient: RTSP request successful with status 200
RaopClient: Sending SETUP request
RaopClient: Sending RTSP request: SETUP rtsp://a0d7b954-airsonos.local/stream RTSP/1.0
CSeq: 3
Transport: RTP/AVP/UDP;unicast;mode=record;client_port=6000-6001;interleaved=0-1
Client-Instance: 4EDD92BFE16AEAD7
DACP-ID: 4EDD92BFE16AEAD7
Apple-Device-ID: 66:00:25:CC:AC:8B


RaopClient: Successfully sent 245 bytes
RaopClient: Waiting for RTSP response...
RaopClient: Received RTSP response: RTSP/1.0 500 Internal Error


RaopClient: RTSP request failed with status 500: Internal Error
RaopClient: SETUP request failed
AirPlayManager: Connection failed - RTSP request failed: 500 Internal Error
GUI Error: Connection failed: RTSP request failed: 500 Internal Error
AirPlayPluginEditor: Connect button clicked
AirPlayPluginEditor: Selected row: 3, devices.size(): 5
AirPlayPluginEditor: Attempting to connect to device: 542A1B72B898@Sonos Move (big)
AirPlayManager: connectToDevice called for: 542A1B72B898@Sonos Move (big) at Sonos-542A1B72B898.local:7000
AirPlayManager: Streamer exists, attempting connection
[RaopClient] connect() called for device: 542A1B72B898@Sonos Move (big) at Sonos-542A1B72B898.local:7000
[RaopClient] Connection state set to Connecting
RaopClient: Shutting down audio socket (port 6000)
RaopClient: Recreated audio socket at 1301041c0
RaopClient: Shutting down control socket (port 6001)
RaopClient: Recreated control socket at 130104380
RaopClient: Shutting down timing socket (port 6002)
RaopClient: Recreated timing socket at 130104400
RaopClient: Selected available ports - audio:6000 control:6001 timing:6002
RaopClient: Creating UDP sockets - audio:6000 control:6001 timing:6002
RaopClient: Binding audio socket to port 6000 (socket at 1301041c0)
RaopClient: Successfully bound audio socket to port 6000
RaopClient: Binding control socket to port 6001 (socket at 130104380)
RaopClient: Successfully bound control socket to port 6001
RaopClient: Binding timing socket to port 6002 (socket at 130104400)
RaopClient: Successfully bound timing socket to port 6002
RaopClient: All UDP sockets created successfully
RaopClient: Attempting TCP connection to Sonos-542A1B72B898.local:7000
RaopClient: TCP connection established successfully
RaopClient: TCP connection established, proceeding with RTSP handshake
RaopClient: Starting RTSP handshake
RaopClient: Sending OPTIONS request
RaopClient: Sending RTSP request: OPTIONS * RTSP/1.0
CSeq: 1
User-Agent: FreeCaster/1.0
Apple-Challenge: yskCajJQK5NsZxgf3Oj2ZA==
Client-Instance: 4EDD92BFE16AEAD7
DACP-ID: 4EDD92BFE16AEAD7
Apple-Device-ID: 66:00:25:CC:AC:8B


RaopClient: Successfully sent 200 bytes
RaopClient: Waiting for RTSP response...
RaopClient: Received RTSP response: RTSP/1.0 200 OK
Public: ANNOUNCE, SETUP, RECORD, PAUSE, FLUSH, FLUSHBUFFERED, TEARDOWN, OPTIONS, POST, GET, PUT
Server: AirTunes/366.0
CSeq: 1


RaopClient: RTSP request successful with status 200
RaopClient: Device did not send Apple-Response (auth not supported)
RaopClient: Sending ANNOUNCE request
RaopClient: Server public key from TXT record: e4a6e08fc42d1608ad70e41022efddc53a62a74fa6ae3fe500eff9dac246423f
RaopClient: Using server public key directly as rsaaeskey
RaopClient: Added server public key directly as rsaaeskey
RaopClient: Sending RTSP request: ANNOUNCE rtsp://Sonos-542A1B72B898.local/stream RTSP/1.0
CSeq: 2
Content-Type: application/sdp
User-Agent: FreeCaster/1.0
Client-Instance: 4EDD92BFE16AEAD7
DACP-ID: 4EDD92BFE16AEAD7
Apple-Device-ID: 66:00:25:CC:AC:8B
Content-Length: 300

v=0
o=FreeCaster 0 0 IN IP4 127.0.0.1
s=FreeCaster Audio Stream
c=IN IP4 127.0.0.1
t=0 0
m=audio 0 RTP/AVP 96
a=rtpmap:96 AppleLossless
a=fmtp:96 352 0 16 40 10 14 2 255 0 0 44100
a=rsaaeskey:e4a6e08fc42d1608ad70e41022efddc53a62a74fa6ae3fe500eff9dac246423f
a=aesiv:SgLqO1YTetzjUUFSWZjjAg==

RaopClient: Successfully sent 547 bytes
RaopClient: Waiting for RTSP response...
RaopClient: Received RTSP response: RTSP/1.0 403 Forbidden
Content-Length: 0
Server: AirTunes/366.0
CSeq: 2


RaopClient: RTSP request failed with status 403: Forbidden
RaopClient: ANNOUNCE request failed
AirPlayManager: Connection failed - RTSP request failed: 403 Forbidden
GUI Error: Connection failed: RTSP request failed: 403 Forbidden
AirPlayPluginEditor: Connect button clicked
AirPlayPluginEditor: Selected row: 4, devices.size(): 5
AirPlayPluginEditor: Attempting to connect to device: 347E5C94F923@Sonos Beam
AirPlayManager: connectToDevice called for: 347E5C94F923@Sonos Beam at Sonos-347E5C94F923.local:7000
AirPlayManager: Streamer exists, attempting connection
[RaopClient] connect() called for device: 347E5C94F923@Sonos Beam at Sonos-347E5C94F923.local:7000
[RaopClient] Connection state set to Connecting
RaopClient: Shutting down audio socket (port 6000)
RaopClient: Recreated audio socket at 114504160
RaopClient: Shutting down control socket (port 6001)
RaopClient: Recreated control socket at 11450a7b0
RaopClient: Shutting down timing socket (port 6002)
RaopClient: Recreated timing socket at 114504af0
RaopClient: Selected available ports - audio:6000 control:6001 timing:6002
RaopClient: Creating UDP sockets - audio:6000 control:6001 timing:6002
RaopClient: Binding audio socket to port 6000 (socket at 114504160)
RaopClient: Successfully bound audio socket to port 6000
RaopClient: Binding control socket to port 6001 (socket at 11450a7b0)
RaopClient: Successfully bound control socket to port 6001
RaopClient: Binding timing socket to port 6002 (socket at 114504af0)
RaopClient: Successfully bound timing socket to port 6002
RaopClient: All UDP sockets created successfully
RaopClient: Attempting TCP connection to Sonos-347E5C94F923.local:7000
RaopClient: TCP connection established successfully
RaopClient: TCP connection established, proceeding with RTSP handshake
RaopClient: Starting RTSP handshake
RaopClient: Sending OPTIONS request
RaopClient: Sending RTSP request: OPTIONS * RTSP/1.0
CSeq: 1
User-Agent: FreeCaster/1.0
Apple-Challenge: ptDOI+WD+mJQzFrps6D6Ig==
Client-Instance: 4EDD92BFE16AEAD7
DACP-ID: 4EDD92BFE16AEAD7
Apple-Device-ID: 66:00:25:CC:AC:8B


RaopClient: Successfully sent 200 bytes
RaopClient: Waiting for RTSP response...
RaopClient: Received RTSP response: RTSP/1.0 200 OK
Public: ANNOUNCE, SETUP, RECORD, PAUSE, FLUSH, FLUSHBUFFERED, TEARDOWN, OPTIONS, POST, GET, PUT
Server: AirTunes/366.0
CSeq: 1


RaopClient: RTSP request successful with status 200
RaopClient: Device did not send Apple-Response (auth not supported)
RaopClient: Sending ANNOUNCE request
RaopClient: Server public key from TXT record: 47eedfd74d9ff04126a9b0881540e5aaf701b59687cf373e9e98e5b54238db5a
RaopClient: Using server public key directly as rsaaeskey
RaopClient: Added server public key directly as rsaaeskey
RaopClient: Sending RTSP request: ANNOUNCE rtsp://Sonos-347E5C94F923.local/stream RTSP/1.0
CSeq: 2
Content-Type: application/sdp
User-Agent: FreeCaster/1.0
Client-Instance: 4EDD92BFE16AEAD7
DACP-ID: 4EDD92BFE16AEAD7
Apple-Device-ID: 66:00:25:CC:AC:8B
Content-Length: 300

v=0
o=FreeCaster 0 0 IN IP4 127.0.0.1
s=FreeCaster Audio Stream
c=IN IP4 127.0.0.1
t=0 0
m=audio 0 RTP/AVP 96
a=rtpmap:96 AppleLossless
a=fmtp:96 352 0 16 40 10 14 2 255 0 0 44100
a=rsaaeskey:47eedfd74d9ff04126a9b0881540e5aaf701b59687cf373e9e98e5b54238db5a
a=aesiv:3rfN3idz9yNI2tL6HUxDpQ==

RaopClient: Successfully sent 547 bytes
RaopClient: Waiting for RTSP response...
RaopClient: Received RTSP response: RTSP/1.0 403 Forbidden
Content-Length: 0
Server: AirTunes/366.0
CSeq: 2


RaopClient: RTSP request failed with status 403: Forbidden
RaopClient: ANNOUNCE request failed
AirPlayManager: Connection failed - RTSP request failed: 403 Forbidden
GUI Error: Connection failed: RTSP request failed: 403 Forbidden
AirPlayManager: Disconnected
